É½ï¿½ï¿½partition at offsetï¿½ESP-ROM:esp32s3-20210327
Build:Mar 27 2021
rst:0x1 (POWERON),boot:0xa (SPI_FAST_FLASH_BOOT)
SPIWP:0xee
mode:DIO, clock div:1
load:0x3fce3810,len:0x178c
load:0x403c9700,len:0x4
load:0x403c9704,len:0xcbc
load:0x403cc700,len:0x2da0
entry 0x403c9914
[0;32mI (27) boot: ESP-IDF v5.2.1-dirty 2nd stage bootloader[0m
[0;32mI (27) boot: compile time May 18 2024 18:26:14[0m
[0;32mI (27) boot: Multicore bootloader[0m
[0;32mI (30) boot: chip revision: v0.2[0m
[0;32mI (34) boot.esp32s3: Boot SPI Speed : 80MHz[0m
[0;32mI (39) boot.esp32s3: SPI Mode       : DIO[0m
[0;32mI (44) boot.esp32s3: SPI Flash Size : 2MB[0m
[0;32mI (48) boot: Enabling RNG early entropy source...[0m
[0;32mI (54) boot: Partition Table:[0m
[0;32mI (57) boot: ## Label            Usage          Type ST Offset   Length[0m
[0;32mI (65) boot:  0 nvs              WiFi data        01 02 00009000 00006000[0m
[0;32mI (72) boot:  1 phy_init         RF data          01 01 0000f000 00001000[0m
[0;32mI (80) boot:  2 factory          factory app      00 00 00010000 00100000[0m
[0;32mI (87) boot: End of partition table[0m
[0;32mI (91) esp_image: segment 0: paddr=00010020 vaddr=3c0a0020 size=2d0b0h (184496) map[0m
[0;32mI (133) esp_image: segment 1: paddr=0003d0d8 vaddr=3fc98600 size=02f40h ( 12096) load[0m
[0;32mI (136) esp_image: segment 2: paddr=00040020 vaddr=42000020 size=9d990h (645520) map[0m
[0;32mI (254) esp_image: segment 3: paddr=000dd9b8 vaddr=3fc9b540 size=01fe0h (  8160) load[0m
[0;32mI (256) esp_image: segment 4: paddr=000df9a0 vaddr=40374000 size=14560h ( 83296) load[0m
[0;32mI (287) boot: Loaded app from partition at offset 0x10000[0m
[0;32mI (287) boot: Disabling RNG early entropy source...[0m
[0;32mI (298) cpu_start: Multicore app[0m
[0;32mI (308) cpu_start: Pro cpu start user code[0m
[0;32mI (308) cpu_start: cpu freq: 160000000 Hz[0m
[0;32mI (308) cpu_start: Application information:[0m
[0;32mI (311) cpu_start: Project name:     individaul_project[0m
[0;32mI (317) cpu_start: App version:      e1e409a-dirty[0m
[0;32mI (323) cpu_start: Compile time:     May 21 2024 16:53:14[0m
[0;32mI (329) cpu_start: ELF file SHA256:  47a9f750c...[0m
[0;32mI (334) cpu_start: ESP-IDF:          v5.2.1-dirty[0m
[0;32mI (339) cpu_start: Min chip rev:     v0.0[0m
[0;32mI (344) cpu_start: Max chip rev:     v0.99 [0m
[0;32mI (349) cpu_start: Chip rev:         v0.2[0m
[0;32mI (354) heap_init: Initializing. RAM available for dynamic allocation:[0m
[0;32mI (361) heap_init: At 3FCA5E28 len 000438E8 (270 KiB): RAM[0m
[0;32mI (367) heap_init: At 3FCE9710 len 00005724 (21 KiB): RAM[0m
[0;32mI (373) heap_init: At 3FCF0000 len 00008000 (32 KiB): DRAM[0m
[0;32mI (379) heap_init: At 600FE010 len 00001FD8 (7 KiB): RTCRAM[0m
[0;32mI (387) spi_flash: detected chip: gd[0m
[0;32mI (390) spi_flash: flash io: dio[0m
[0;33mW (394) spi_flash: Detected size(8192k) larger than the size in the binary image header(2048k). Using the size in the binary image header.[0m
[0;33mW (407) ADC: legacy driver is deprecated, please migrate to `esp_adc/adc_oneshot.h`[0m
[0;32mI (415) sleep: Configure to isolate all GPIO pins in sleep state[0m
[0;32mI (422) sleep: Enable automatic switching of GPIO sleep configuration[0m
[0;32mI (429) main_task: Started on CPU0[0m
[0;32mI (433) main_task: Calling app_main()[0m
[0;31mE (437) ADC: adc1_config_width(304): unsupported bit width[0m
ESP_ERROR_CHECK failed: esp_err_t 0x102 (ESP_ERR_INVALID_ARG) at 0x4200a45f
file: "./main/input_signal.h" line 27
func: init_input
expression: adc1_config_width(ADC_WIDTH_MAX)

abort() was called at PC 0x4037c0e3 on core 0


Backtrace: 0x40375a22:0x3fca9ad0 0x4037c0ed:0x3fca9af0 0x40384105:0x3fca9b10 0x4037c0e3:0x3fca9b80 0x4200a45f:0x3fca9bb0 0x4200a6c3:0x3fca9bd0 0x4209c98f:0x3fca9bf0 0x4037cbf9:0x3fca9c20




ELF file SHA256: 47a9f750c

Rebooting...
ï¿½ï¿½ï¿½ESP-ROM:esp32s3-20210327
Build:Mar 27 2021
rst:0xc (RTC_SW_CPU_RST),boot:0xa (SPI_FAST_FLASH_BOOT)
Saved PC:0x40375998
SPIWP:0xee
mode:DIO, clock div:1
load:0x3fce3810,len:0x178c
load:0x403c9700,len:0x4
load:0x403c9704,len:0xcbc
load:0x403cc700,len:0x2da0
entry 0x403c9914
[0;32mI (31) boot: ESP-IDF v5.2.1-dirty 2nd stage bootloader[0m
[0;32mI (31) boot: compile time May 18 2024 18:26:14[0m
[0;32mI (31) boot: Multicore bootloader[0m
[0;32mI (35) boot: chip revision: v0.2[0m
[0;32mI (39) boot.esp32s3: Boot SPI Speed : 80MHz[0m
[0;32mI (43) boot.esp32s3: SPI Mode       : DIO[0m
[0;32mI (48) boot.esp32s3: SPI Flash Size : 2MB[0m
[0;32mI (53) boot: Enabling RNG early entropy source...[0m
[0;32mI (58) boot: Partition Table:[0m
[0;32mI (62) boot: ## Label            Usage          Type ST Offset   Length[0m
[0;32mI (69) boot:  0 nvs              WiFi data        01 02 00009000 00006000[0m
[0;32mI (77) boot:  1 phy_init         RF data          01 01 0000f000 00001000[0m
[0;32mI (84) boot:  2 factory          factory app      00 00 00010000 00100000[0m
[0;32mI (92) boot: End of partition table[0m
[0;32mI (96) esp_image: segment 0: paddr=00010020 vaddr=3c0a0020 size=2d0b0h (184496) map[0m
[0;32mI (137) esp_image: segment 1: paddr=0003d0d8 vaddr=3fc98600 size=02f40h ( 12096) load[0m
[0;32mI (140) esp_image: segment 2: paddr=00040020 vaddr=42000020 size=9d990h (645520) map[0m
[0;32mI (259) esp_image: segment 3: paddr=000dd9b8 vaddr=3fc9b540 size=01fe0h (  8160) load[0m
[0;32mI (261) esp_image: segment 4: paddr=000df9a0 vaddr=40374000 size=14560h ( 83296) load[0m
[0;32mI (291) boot: Loaded app from partition at offset 0x10000[0m
[0;32mI (291) boot: Disabling RNG early entropy source...[0m
[0;32mI (303) cpu_start: Multicore app[0m
[0;32mI (313) cpu_start: Pro cpu start user code[0m
[0;32mI (313) cpu_start: cpu freq: 160000000 Hz[0m
[0;32mI (313) cpu_start: Application information:[0m
[0;32mI (316) cpu_start: Project name:     individaul_project[0m
[0;32mI (322) cpu_start: App version:      e1e409a-dirty[0m
[0;32mI (327) cpu_start: Compile time:     May 21 2024 16:53:14[0m
[0;32mI (333) cpu_start: ELF file SHA256:  47a9f750c...[0m
[0;32mI (338) cpu_start: ESP-IDF:          v5.2.1-dirty[0m
[0;32mI (344) cpu_start: Min chip rev:     v0.0[0m
[0;32mI (348) cpu_start: Max chip rev:     v0.99 [0m
[0;32mI (353) cpu_start: Chip rev:         v0.2[0m
[0;32mI (358) heap_init: Initializing. RAM available for dynamic allocation:[0m
[0;32mI (365) heap_init: At 3FCA5E28 len 000438E8 (270 KiB): RAM[0m
[0;32mI (371) heap_init: At 3FCE9710 len 00005724 (21 KiB): RAM[0m
[0;32mI (378) heap_init: At 3FCF0000 len 00008000 (32 KiB): DRAM[0m
[0;32mI (384) heap_init: At 600FE010 len 00001FD8 (7 KiB): RTCRAM[0m
[0;32mI (391) spi_flash: detected chip: gd[0m
[0;32mI (394) spi_flash: flash io: dio[0m
[0;33mW (398) spi_flash: Detected size(8192k) larger than the size in the binary image header(2048k). Using the size in the binary image header.[0m
[0;33mW (412) ADC: legacy driver is deprecated, please migrate to `esp_adc/adc_oneshot.h`[0m
[0;32mI (420) sleep: Configure to isolate all GPIO pins in sleep state[0m
[0;32mI (426) sleep: Enable automatic switching of GPIO sleep configuration[0m
[0;32mI (434) main_task: Started on CPU0[0m
[0;32mI (438) main_task: Calling app_main()[0m
[0;31mE (442) ADC: adc1_config_width(304): unsupported bit width[0m
ESP_ERROR_CHECK failed: esp_err_t 0x102 (ESP_ERR_INVALID_ARG) at 0x4200a45f
file: "./main/input_signal.h" line 27
func: init_input
expression: adc1_config_width(ADC_WIDTH_MAX)

abort() was called at PC 0x4037c0e3 on core 0


Backtrace: 0x40375a22:0x3fca9ad0 0x4037c0ed:0x3fca9af0 0x40384105:0x3fca9b10 0x4037c0e3:0x3fca9b80 0x4200a45f:0x3fca9bb0 0x4200a6c3:0x3fca9bd0 0x4209c98f:0x3fca9bf0 0x4037cbf9:0x3fca9c20




ELF file SHA256: 47a9f750c

Rebooting...
ï¿½ï¿½ï¿½ESP-ROM:esp32s3-20210327
Build:Mar 27 2021
rst:0xc (RTC_SW_CPU_RST),boot:0xa (SPI_FAST_FLASH_BOOT)
Saved PC:0x40375998
SPIWP:0xee
mode:DIO, clock div:1
load:0x3fce3810,len:0x178c
load:0x403c9700,len:0x4
load:0x403c9704,len:0xcbc
load:0x403cc700,len:0x2da0
entry 0x403c9914
[0;32mI (31) boot: ESP-IDF v5.2.1-dirty 2nd stage bootloader[0m
[0;32mI (31) boot: compile time May 18 2024 18:26:14[0m
[0;32mI (31) boot: Multicore bootloader[0m
[0;32mI (35) boot: chip revision: v0.2[0m
[0;32mI (39) boot.esp32s3: Boot SPI Speed : 80MHz[0m
[0;32mI (43) boot.esp32s3: SPI Mode       : DIO[0m
[0;32mI (48) boot.esp32s3: SPI Flash Size : 2MB[0m
[0;32mI (53) boot: Enabling RNG early entropy source...[0m
[0;32mI (58) boot: Partition Table:[0m
[0;32mI (62) boot: ## Label            Usage          Type ST Offset   Length[0m
[0;32mI (69) boot:  0 nvs              WiFi data        01 02 00009000 00006000[0m
[0;32mI (77) boot:  1 phy_init         RF data          01 01 0000f000 00001000[0m
[0;32mI (84) boot:  2 factory          factory app      00 00 00010000 00100000[0m
[0;32mI (92) boot: End of partition table[0m
[0;32mI (96) esp_image: segment 0: paddr=00010020 vaddr=3c0a0020 size=2d0b0h (184496) map[0m
[0;32mI (137) esp_image: segment 1: paddr=0003d0d8 vaddr=3fc98600 size=02f40h ( 12096) load[0m
[0;32mI (140) esp_image: segment 2: paddr=00040020 vaddr=42000020 size=9d990h (645520) map[0m
[0;32mI (259) esp_image: segment 3: paddr=000dd9b8 vaddr=3fc9b540 size=01fe0h (  8160) load[0m
[0;32mI (261) esp_image: segment 4: paddr=000df9a0 vaddr=40374000 size=14560h ( 83296) load[0m
[0;32mI (291) boot: Loaded app from partition at offset 0x10000[0m
[0;32mI (291) boot: Disabling RNG early entropy source...[0m
[0;32mI (303) cpu_start: Multicore app[0m
[0;32mI (313) cpu_start: Pro cpu start user code[0m
[0;32mI (313) cpu_start: cpu freq: 160000000 Hz[0m
[0;32mI (313) cpu_start: Application information:[0m
[0;32mI (316) cpu_start: Project name:     individaul_project[0m
[0;32mI (322) cpu_start: App version:      e1e409a-dirty[0m
[0;32mI (327) cpu_start: Compile time:     May 21 2024 16:53:14[0m
[0;32mI (333) cpu_start: ELF file SHA256:  47a9f750c...[0m
[0;32mI (338) cpu_start: ESP-IDF:          v5.2.1-dirty[0m
[0;32mI (344) cpu_start: Min chip rev:     v0.0[0m
[0;32mI (348) cpu_start: Max chip rev:     v0.99 [0m
[0;32mI (353) cpu_start: Chip rev:         v0.2[0m
[0;32mI (358) heap_init: Initializing. RAM available for dynamic allocation:[0m
[0;32mI (365) heap_init: At 3FCA5E28 len 000438E8 (270 KiB): RAM[0m
[0;32mI (371) heap_init: At 3FCE9710 len 00005724 (21 KiB): RAM[0m
[0;32mI (378) heap_init: At 3FCF0000 len 00008000 (32 KiB): DRAM[0m
[0;32mI (384) heap_init: At 600FE010 len 00001FD8 (7 KiB): RTCRAM[0m
[0;32mI (391) spi_flash: detected chip: gd[0m
[0;32mI (394) spi_flash: flash io: dio[0m
[0;33mW (398) spi_flash: Detected size(8192k) larger than the size in the binary image header(2048k). Using the size in the binary image header.[0m
[0;33mW (412) ADC: legacy driver is deprecated, please migrate to `esp_adc/adc_oneshot.h`[0m
[0;32mI (420) sleep: Configure to isolate all GPIO pins in sleep state[0m
[0;32mI (426) sleep: Enable automatic switching of GPIO sleep configuration[0m
[0;32mI (434) main_task: Started on CPU0[0m
[0;32mI (438) main_task: Calling app_main()[0m
[0;31mE (442) ADC: adc1_config_width(304): unsupported bit width[0m
ESP_ERROR_CHECK failed: esp_err_t 0x102 (ESP_ERR_INVALID_ARG) at 0x4200a45f
file: "./main/input_signal.h" line 27
func: init_input
expression: adc1_config_width(ADC_WIDTH_MAX)

abort() was called at PC 0x4037c0e3 on core 0


Backtrace: 0x40375a22:0x3fca9ad0 0x4037c0ed:0x3fca9af0 0x40384105:0x3fca9b10 0x4037c0e3:0x3fca9b80 0x4200a45f:0x3fca9bb0 0x4200a6c3:0x3fca9bd0 0x4209c98f:0x3fca9bf0 0x4037cbf9:0x3fca9c20




ELF file SHA256: 47a9f750c

Rebooting...
ï¿½ï¿½ï¿½ESP-ROM:esp32s3-20210327
Build:Mar 27 2021
rst:0xc (RTC_SW_CPU_RST),boot:0xa (SPI_FAST_FLASH_BOOT)
Saved PC:0x40375998
SPIWP:0xee
mode:DIO, clock div:1
load:0x3fce3810,len:0x178c
load:0x403c9700,len:0x4
load:0x403c9704,len:0xcbc
load:0x403cc700,len:0x2da0
entry 0x403c9914
[0;32mI (31) boot: ESP-IDF v5.2.1-dirty 2nd stage bootloader[0m
[0;32mI (31) boot: compile time May 18 2024 18:26:14[0m
[0;32mI (31) boot: Multicore bootloader[0m
[0;32mI (35) boot: chip revision: v0.2[0m
[0;32mI (39) boot.esp32s3: Boot SPI Speed : 80MHz[0m
[0;32mI (43) boot.esp32s3: SPI Mode       : DIO[0m
[0;32mI (48) boot.esp32s3: SPI Flash Size : 2MB[0m
[0;32mI (53) boot: Enabling RNG early entropy source...[0m
[0;32mI (58) boot: Partition Table:[0m
[0;32mI (62) boot: ## Label            Usage          Type ST Offset   Length[0m
[0;32mI (69) boot:  0 nvs              WiFi data        01 02 00009000 00006000[0m
[0;32mI (77) boot:  1 phy_init         RF data          01 01 0000f000 00001000[0m
[0;32mI (84) boot:  2 factory          factory app      00 00 00010000 00100000[0m
[0;32mI (92) boot: End of partition table[0m
[0;32mI (96) esp_image: segment 0: paddr=00010020 vaddr=3c0a0020 size=2d0b0h (184496) map[0m
[0;32mI (137) esp_image: segment 1: paddr=0003d0d8 vaddr=3fc98600 size=02f40h ( 12096) load[0m
[0;32mI (140) esp_image: segment 2: paddr=00040020 vaddr=42000020 size=9d990h (645520) map[0m
[0;32mI (259) esp_image: segment 3: paddr=000dd9b8 vaddr=3fc9b540 size=01fe0h (  8160) load[0m
[0;32mI (261) esp_image: segment 4: paddr=000df9a0 vaddr=40374000 size=14560h ( 83296) load[0m
[0;32mI (291) boot: Loaded app from partition at offset 0x10000[0m
[0;32mI (291) boot: Disabling RNG early entropy source...[0m
[0;32mI (303) cpu_start: Multicore app[0m
[0;32mI (313) cpu_start: Pro cpu start user code[0m
[0;32mI (313) cpu_start: cpu freq: 160000000 Hz[0m
[0;32mI (313) cpu_start: Application information:[0m
[0;32mI (316) cpu_start: Project name:     individaul_project[0m
[0;32mI (321) cpu_start: App version:      e1e409a-dirty[0m
[0;32mI (327) cpu_start: Compile time:     May 21 2024 16:53:14[0m
[0;32mI (333) cpu_start: ELF file SHA256:  47a9f750c...[0m
[0;32mI (338) cpu_start: ESP-IDF:          v5.2.1-dirty[0m
[0;32mI (344) cpu_start: Min chip rev:     v0.0[0m
[0;32mI (348) cpu_start: Max chip rev:     v0.99 [0m
[0;32mI (353) cpu_start: Chip rev:         v0.2[0m
[0;32mI (358) heap_init: Initializing. RAM available for dynamic allocation:[0m
[0;32mI (365) heap_init: At 3FCA5E28 len 000438E8 (270 KiB): RAM[0m
[0;32mI (371) heap_init: At 3FCE9710 len 00005724 (21 KiB): RAM[0m
[0;32mI (378) heap_init: At 3FCF0000 len 00008000 (32 KiB): DRAM[0m
[0;32mI (384) heap_init: At 600FE010 len 00001FD8 (7 KiB): RTCRAM[0m
[0;32mI (391) spi_flash: detected chip: gd[0m
[0;32mI (394) spi_flash: flash io: dio[0m
[0;33mW (398) spi_flash: Detected size(8192k) larger than the size in the binary image header(2048k). Using the size in the binary image header.[0m
[0;33mW (412) ADC: legacy driver is deprecated, please migrate to `esp_adc/adc_oneshot.h`[0m
[0;32mI (420) sleep: Configure to isolate all GPIO pins in sleep state[0m
[0;32mI (426) sleep: Enable automatic switching of GPIO sleep configuration[0m
[0;32mI (434) main_task: Started on CPU0[0m
[0;32mI (438) main_task: Calling app_main()[0m
[0;31mE (442) ADC: adc1_config_width(304): unsupported bit width[0m
ESP_ERROR_CHECK failed: esp_err_t 0x102 (ESP_ERR_INVALID_ARG) at 0x4200a45f
file: "./main/input_signal.h" line 27
func: init_input
expression: adc1_config_width(ADC_WIDTH_MAX)

abort() was called at PC 0x4037c0e3 on core 0


Backtrace: 0x40375a22:0x3fca9ad0 0x4037c0ed:0x3fca9af0 0x40384105:0x3fca9b10 0x4037c0e3:0x3fca9b80 0x4200a45f:0x3fca9bb0 0x4200a6c3:0x3fca9bd0 0x4209c98f:0x3fca9bf0 0x4037cbf9:0x3fca9c20




ELF file SHA256: 47a9f750c

Rebooting...
ï¿½ï¿½ï¿½ESP-ROM:esp32s3-20210327
Build:Mar 27 2021
rst:0xc (RTC_SW_CPU_RST),boot:0xa (SPI_FAST_FLASH_BOOT)
Saved PC:0x40375998
SPIWP:0xee
mode:DIO, clock div:1
load:0x3fce3810,len:0x178c
load:0x403c9700,len:0x4
load:0x403c9704,len:0xcbc
load:0x403cc700,len:0x2da0
entry 0x403c9914
[0;32mI (31) boot: ESP-IDF v5.2.1-dirty 2nd stage bootloader[0m
[0;32mI (31) boot: compile time May 18 2024 18:26:14[0m
[0;32mI (31) boot: Multicore bootloader[0m
[0;32mI (35) boot: chip revision: v0.2[0m
[0;32mI (39) boot.esp32s3: Boot SPI Speed : 80MHz[0m
[0;32mI (43) boot.esp32s3: SPI Mode       : DIO[0m
[0;32mI (48) boot.esp32s3: SPI Flash Size : 2MB[0m
[0;32mI (53) boot: Enabling RNG early entropy source...[0m
[0;32mI (58) boot: Partition Table:[0m
[0;32mI (62) boot: ## Label            Usage          Type ST Offset   Length[0m
[0;32mI (69) boot:  0 nvs              WiFi data        01 02 00009000 00006000[0m
[0;32mI (77) boot:  1 phy_init         RF data          01 01 0000f000 00001000[0m
[0;32mI (84) boot:  2 factory          factory app      00 00 00010000 00100000[0m
[0;32mI (92) boot: End of partition table[0m
[0;32mI (96) esp_image: segment 0: paddr=00010020 vaddr=3c0a0020 size=2d0b0h (184496) map[0m
[0;32mI (137) esp_image: segment 1: paddr=0003d0d8 vaddr=3fc98600 size=02f40h ( 12096) load[0m
[0;32mI (140) esp_image: segment 2: paddr=00040020 vaddr=42000020 size=9d990h (645520) map[0m
[0;32mI (259) esp_image: segment 3: paddr=000dd9b8 vaddr=3fc9b540 size=01fe0h (  8160) load[0m
[0;32mI (261) esp_image: segment 4: paddr=000df9a0 vaddr=40374000 size=14560h ( 83296) load[0m
[0;32mI (291) boot: Loaded app from partition at offset 0x10000[0m
[0;32mI (291) boot: Disabling RNG early entropy source...[0m
[0;32mI (303) cpu_start: Multicore app[0m
[0;32mI (313) cpu_start: Pro cpu start user code[0m
[0;32mI (313) cpu_start: cpu freq: 160000000 Hz[0m
[0;32mI (313) cpu_start: Application information:[0m
[0;32mI (316) cpu_start: Project name:     individaul_project[0m
[0;32mI (321) cpu_start: App version:      e1e409a-dirty[0m
[0;32mI (327) cpu_start: Compile time:     May 21 2024 16:53:14[0m
[0;32mI (333) cpu_start: ELF file SHA256:  47a9f750c...[0m
[0;32mI (338) cpu_start: ESP-IDF:          v5.2.1-dirty[0m
[0;32mI (344) cpu_start: Min chip rev:     v0.0[0m
[0;32mI (348) cpu_start: Max chip rev:     v0.99 [0m
[0;32mI (353) cpu_start: Chip rev:         v0.2[0m
[0;32mI (358) heap_init: Initializing. RAM available for dynamic allocation:[0m
[0;32mI (365) heap_init: At 3FCA5E28 len 000438E8 (270 KiB): RAM[0m
[0;32mI (371) heap_init: At 3FCE9710 len 00005724 (21 KiB): RAM[0m
[0;32mI (378) heap_init: At 3FCF0000 len 00008000 (32 KiB): DRAM[0m
[0;32mI (384) heap_init: At 600FE010 len 00001FD8 (7 KiB): RTCRAM[0m
[0;32mI (391) spi_flash: detected chip: gd[0m
[0;32mI (394) spi_flash: flash io: dio[0m
[0;33mW (398) spi_flash: Detected size(8192k) larger than the size in the binary image header(2048k). Using the size in the binary image header.[0m
[0;33mW (412) ADC: legacy driver is deprecated, please migrate to `esp_adc/adc_oneshot.h`[0m
[0;32mI (420) sleep: Configure to isolate all GPIO pins in sleep state[0m
[0;32mI (426) sleep: Enable automatic switching of GPIO sleep configuration[0m
[0;32mI (434) main_task: Started on CPU0[0m
[0;32mI (438) main_task: Calling app_main()[0m
[0;31mE (442) ADC: adc1_config_width(304): unsupported bit width[0m
ESP_ERROR_CHECK failed: esp_err_t 0x102 (ESP_ERR_INVALID_ARG) at 0x4200a45f
file: "./main/input_signal.h" line 27
func: init_input
expression: adc1_config_width(ADC_WIDTH_MAX)

abort() was called at PC 0x4037c0e3 on core 0


Backtrace: 0x40375a22:0x3fca9ad0 0x4037c0ed:0x3fca9af0 0x40384105:0x3fca9b10 0x4037c0e3:0x3fca9b80 0x4200a45f:0x3fca9bb0 0x4200a6c3:0x3fca9bd0 0x4209c98f:0x3fca9bf0 0x4037cbf9:0x3fca9c20




ELF file SHA256: 47a9f750c

Rebooting...
ï¿½ï¿½ï¿½ESP-ROM:esp32s3-20210327
Build:Mar 27 2021
rst:0xc (RTC_SW_CPU_RST),boot:0xa (SPI_FAST_FLASH_BOOT)
Saved PC:0x40375998
SPIWP:0xee
mode:DIO, clock div:1
load:0x3fce3810,len:0x178c
load:0x403c9700,len:0x4
load:0x403c9704,len:0xcbc
load:0x403cc700,len:0x2da0
entry 0x403c9914
[0;32mI (31) boot: ESP-IDF v5.2.1-dirty 2nd stage bootloader[0m
[0;32mI (31) boot: compile time May 18 2024 18:26:14[0m
[0;32mI (31) boot: Multicore bootloader[0m
[0;32mI (35) boot: chip revision: v0.2[0m
[0;32mI (39) boot.esp32s3: Boot SPI Speed : 80MHz[0m
[0;32mI (43) boot.esp32s3: SPI Mode       : DIO[0m
[0;32mI (48) boot.esp32s3: SPI Flash Size : 2MB[0m
[0;32mI (53) boot: Enabling RNG early entropy source...[0m
[0;32mI (58) boot: Partition Table:[0m
[0;32mI (62) boot: ## Label            Usage          Type ST Offset   Length[0m
[0;32mI (69) boot:  0 nvs              WiFi data        01 02 00009000 00006000[0m
[0;32mI (77) boot:  1 phy_init         RF data          01 01 0000f000 00001000[0m
[0;32mI (84) boot:  2 factory          factory app      00 00 00010000 00100000[0m
[0;32mI (92) boot: End of partition table[0m
[0;32mI (96) esp_image: segment 0: paddr=00010020 vaddr=3c0a0020 size=2d0b0h (184496) map[0m
[0;32mI (137) esp_image: segment 1: paddr=0003d0d8 vaddr=3fc98600 size=02f40h ( 12096) load[0m
[0;32mI (140) esp_image: segment 2: paddr=00040020 vaddr=42000020 size=9d990h (645520) map[0m
[0;32mI (259) esp_image: segment 3: paddr=000dd9b8 vaddr=3fc9b540 size=01fe0h (  8160) load[0m
[0;32mI (261) esp_image: segment 4: paddr=000df9a0 vaddr=40374000 size=14560h ( 83296) load[0m
[0;32mI (291) boot: Loaded app from partition at offset 0x10000[0m
[0;32mI (291) boot: Disabling RNG early entropy source...[0m
[0;32mI (303) cpu_start: Multicore app[0m
[0;32mI (313) cpu_start: Pro cpu start user code[0m
[0;32mI (313) cpu_start: cpu freq: 160000000 Hz[0m
[0;32mI (313) cpu_start: Application information:[0m
[0;32mI (316) cpu_start: Project name:     individaul_project[0m
[0;32mI (321) cpu_start: App version:      e1e409a-dirty[0m
[0;32mI (327) cpu_start: Compile time:     May 21 2024 16:53:14[0m
[0;32mI (333) cpu_start: ELF file SHA256:  47a9f750c...[0m
[0;32mI (338) cpu_start: ESP-IDF:          v5.2.1-dirty[0m
[0;32mI (344) cpu_start: Min chip rev:     v0.0[0m
[0;32mI (348) cpu_start: Max chip rev:     v0.99 [0m
[0;32mI (353) cpu_start: Chip rev:         v0.2[0m
[0;32mI (358) heap_init: Initializing. RAM available for dynamic allocation:[0m
[0;32mI (365) heap_init: At 3FCA5E28 len 000438E8 (270 KiB): RAM[0m
[0;32mI (371) heap_init: At 3FCE9710 len 00005724 (21 KiB): RAM[0m
[0;32mI (378) heap_init: At 3FCF0000 len 00008000 (32 KiB): DRAM[0m
[0;32mI (384) heap_init: At 600FE010 len 00001FD8 (7 KiB): RTCRAM[0m
[0;32mI (391) spi_flash: detected chip: gd[0m
[0;32mI (394) spi_flash: flash io: dio[0m
[0;33mW (398) spi_flash: Detected size(8192k) larger than the size in the binary image header(2048k). Using the size in the binary image header.[0m
[0;33mW (412) ADC: legacy driver is deprecated, please migrate to `esp_adc/adc_oneshot.h`[0m
[0;32mI (420) sleep: Configure to isolate all GPIO pins in sleep state[0m
[0;32mI (426) sleep: Enable automatic switching of GPIO sleep configuration[0m
[0;32mI (434) main_task: Started on CPU0[0m
[0;32mI (438) main_task: Calling app_main()[0m
[0;31mE (442) ADC: adc1_config_width(304): unsupported bit width[0m
ESP_ERROR_CHECK failed: esp_err_t 0x102 (ESP_ERR_INVALID_ARG) at 0x4200a45f
file: "./main/input_signal.h" line 27
func: init_input
expression: adc1_config_width(ADC_WIDTH_MAX)

abort() was called at PC 0x4037c0e3 on core 0


Backtrace: 0x40375a22:0x3fca9ad0 0x4037c0ed:0x3fca9af0 0x40384105:0x3fca9b10 0x4037c0e3:0x3fca9b80 0x4200a45f:0x3fca9bb0 0x4200a6c3:0x3fca9bd0 0x4209c98f:0x3fca9bf0 0x4037cbf9:0x3fca9c20




ELF file SHA256: 47a9f750c

Rebooting...
ï¿½ï¿½ï¿½ESP-ROM:esp32s3-20210327
Build:Mar 27 2021
rst:0xc (RTC_SW_CPU_RST),boot:0xa (SPI_FAST_FLASH_BOOT)
Saved PC:0x40375998
SPIWP:0xee
mode:DIO, clock div:1
load:0x3fce3810,len:0x178c
load:0x403c9700,len:0x4
load:0x403c9704,len:0xcbc
load:0x403cc700,len:0x2da0
entry 0x403c9914
[0;32mI (31) boot: ESP-IDF v5.2.1-dirty 2nd stage bootloader[0m
[0;32mI (31) boot: compile time May 18 2024 18:26:14[0m
[0;32mI (31) boot: Multicore bootloader[0m
[0;32mI (35) boot: chip revision: v0.2[0m
[0;32mI (39) boot.esp32s3: Boot SPI Speed : 80MHz[0m
[0;32mI (43) boot.esp32s3: SPI Mode       : DIO[0m
[0;32mI (48) boot.esp32s3: SPI Flash Size : 2MB[0m
[0;32mI (53) boot: Enabling RNG early entropy source...[0m
[0;32mI (58) boot: Partition Table:[0m
[0;32mI (62) boot: ## Label            Usage          Type ST Offset   Length[0m
[0;32mI (69) boot:  0 nvs              WiFi data        01 02 00009000 00006000[0m
[0;32mI (77) boot:  1 phy_init         RF data          01 01 0000f000 00001000[0m
[0;32mI (84) boot:  2 factory          factory app      00 00 00010000 00100000[0m
[0;32mI (92) boot: End of partition table[0m
[0;32mI (96) esp_image: segment 0: paddr=00010020 vaddr=3c0a0020 size=2d0b0h (184496) map[0m
[0;32mI (137) esp_image: segment 1: paddr=0003d0d8 vaddr=3fc98600 size=02f40h ( 12096) load[0m
[0;32mI (140) esp_image: segment 2: paddr=00040020 vaddr=42000020 size=9d990h (645520) map[0m
[0;32mI (259) esp_image: segment 3: paddr=000dd9b8 vaddr=3fc9b540 size=01fe0h (  8160) load[0m
[0;32mI (261) esp_image: segment 4: paddr=000df9a0 vaddr=40374000 size=14560h ( 83296) load[0m
[0;32mI (291) boot: Loaded app from partition at offset 0x10000[0m
[0;32mI (291) boot: Disabling RNG early entropy source...[0m
[0;32mI (303) cpu_start: Multicore app[0m
[0;32mI (313) cpu_start: Pro cpu start user code[0m
[0;32mI (313) cpu_start: cpu freq: 160000000 Hz[0m
[0;32mI (313) cpu_start: Application information:[0m
[0;32mI (316) cpu_start: Project name:     individaul_project[0m
[0;32mI (322) cpu_start: App version:      e1e409a-dirty[0m
[0;32mI (327) cpu_start: Compile time:     May 21 2024 16:53:14[0m
[0;32mI (333) cpu_start: ELF file SHA256:  47a9f750c...[0m
[0;32mI (338) cpu_start: ESP-IDF:          v5.2.1-dirty[0m
[0;32mI (344) cpu_start: Min chip rev:     v0.0[0m
[0;32mI (348) cpu_start: Max chip rev:     v0.99 [0m
[0;32mI (353) cpu_start: Chip rev:         v0.2[0m
[0;32mI (358) heap_init: Initializing. RAM available for dynamic allocation:[0m
[0;32mI (365) heap_init: At 3FCA5E28 len 000438E8 (270 KiB): RAM[0m
[0;32mI (371) heap_init: At 3FCE9710 len 00005724 (21 KiB): RAM[0m
[0;32mI (378) heap_init: At 3FCF0000 len 00008000 (32 KiB): DRAM[0m
[0;32mI (384) heap_init: At 600FE010 len 00001FD8 (7 KiB): RTCRAM[0m
[0;32mI (391) spi_flash: detected chip: gd[0m
[0;32mI (394) spi_flash: flash io: dio[0m
[0;33mW (398) spi_flash: Detected size(8192k) larger than the size in the binary image header(2048k). Using the size in the binary image header.[0m
[0;33mW (412) ADC: legacy driver is deprecated, please migrate to `esp_adc/adc_oneshot.h`[0m
[0;32mI (420) sleep: Configure to isolate all GPIO pins in sleep state[0m
[0;32mI (426) sleep: Enable automatic switching of GPIO sleep configuration[0m
[0;32mI (434) main_task: Started on CPU0[0m
[0;32mI (438) main_task: Calling app_main()[0m
[0;31mE (442) ADC: adc1_config_width(304): unsupported bit width[0m
ESP_ERROR_CHECK failed: esp_err_t 0x102 (ESP_ERR_INVALID_ARG) at 0x4200a45f
file: "./main/input_signal.h" line 27
func: init_input
expression: adc1_config_width(ADC_WIDTH_MAX)

abort() was called at PC 0x4037c0e3 on core 0


Backtrace: 0x40375a22:0x3fca9ad0 0x4037c0ed:0x3fca9af0 0x40384105:0x3fca9b10 0x4037c0e3:0x3fca9b80 0x4200a45f:0x3fca9bb0 0x4200a6c3:0x3fca9bd0 0x4209c98f:0x3fca9bf0 0x4037cbf9:0x3fca9c20




ELF file SHA256: 47a9f750c

Rebooting...
ï¿½ï¿½ï¿½ESP-ROM:esp32s3-20210327
Build:Mar 27 2021
rst:0xc (RTC_SW_CPU_RST),boot:0xa (SPI_FAST_FLASH_BOOT)
Saved PC:0x40375998
SPIWP:0xee
mode:DIO, clock div:1
load:0x3fce3810,len:0x178c
load:0x403c9700,len:0x4
load:0x403c9704,len:0xcbc
load:0x403cc700,len:0x2da0
entry 0x403c9914
[0;32mI (31) boot: ESP-IDF v5.2.1-dirty 2nd stage bootloader[0m
[0;32mI (31) boot: compile time May 18 2024 18:26:14[0m
[0;32mI (31) boot: Multicore bootloader[0m
[0;32mI (35) boot: chip revision: v0.2[0m
[0;32mI (39) boot.esp32s3: Boot SPI Speed : 80MHz[0m
[0;32mI (43) boot.esp32s3: SPI Mode       : DIO[0m
[0;32mI (48) boot.esp32s3: SPI Flash Size : 2MB[0m
[0;32mI (53) boot: Enabling RNG early entropy source...[0m
[0;32mI (58) boot: Partition Table:[0m
[0;32mI (62) boot: ## Label            Usage          Type ST Offset   Length[0m
[0;32mI (69) boot:  0 nvs              WiFi data        01 02 00009000 00006000[0m
[0;32mI (77) boot:  1 phy_init         RF data          01 01 0000f000 00001000[0m
[0;32mI (84) boot:  2 factory          factory app      00 00 00010000 00100000[0m
[0;32mI (92) boot: End of partition table[0m
[0;32mI (96) esp_image: segment 0: paddr=00010020 vaddr=3c0a0020 size=2d0b0h (184496) map[0m
[0;32mI (137) esp_image: segment 1: paddr=0003d0d8 vaddr=3fc98600 size=02f40h ( 12096) load[0m
[0;32mI (140) esp_image: segment 2: paddr=00040020 vaddr=42000020 size=9d990h (645520) map[0m
[0;32mI (259) esp_image: segment 3: paddr=000dd9b8 vaddr=3fc9b540 size=01fe0h (  8160) load[0m
[0;32mI (261) esp_image: segment 4: paddr=000df9a0 vaddr=40374000 size=14560h ( 83296) load[0m
[0;32mI (291) boot: Loaded app from partition at offset 0x10000[0m
[0;32mI (291) boot: Disabling RNG early entropy source...[0m
[0;32mI (303) cpu_start: Multicore app[0m
[0;32mI (313) cpu_start: Pro cpu start user code[0m
[0;32mI (313) cpu_start: cpu freq: 160000000 Hz[0m
[0;32mI (313) cpu_start: Application information:[0m
[0;32mI (316) cpu_start: Project name:     individaul_project[0m
[0;32mI (322) cpu_start: App version:      e1e409a-dirty[0m
[0;32mI (327) cpu_start: Compile time:     May 21 2024 16:53:14[0m
[0;32mI (333) cpu_start: ELF file SHA256:  47a9f750c...[0m
[0;32mI (338) cpu_start: ESP-IDF:          v5.2.1-dirty[0m
[0;32mI (344) cpu_start: Min chip rev:     v0.0[0m
