ESP-ROM:esp32s3-20210327
Build:Mar 27 2021
rst:0x1 (POWERON),boot:0xa (SPI_FAST_FLASH_BOOT)
SPIWP:0xee
mode:DIO, clock div:1
load:0x3fce3810,len:0x178c
load:0x403c9700,len:0x4
load:0x403c9704,len:0xcbc
load:0x403cc700,len:0x2da0
entry 0x403c9914
[0;32mI (27) boot: ESP-IDF v5.2.1-dirty 2nd stage bootloader[0m
[0;32mI (27) boot: compile time May 18 2024 18:26:14[0m
[0;32mI (27) boot: Multicore bootloader[0m
[0;32mI (30) boot: chip revision: v0.2[0m
[0;32mI (34) boot.esp32s3: Boot SPI Speed : 80MHz[0m
[0;32mI (39) boot.esp32s3: SPI Mode       : DIO[0m
[0;32mI (44) boot.esp32s3: SPI Flash Size : 2MB[0m
[0;32mI (48) boot: Enabling RNG early entropy source...[0m
[0;32mI (54) boot: Partition Table:[0m
[0;32mI (57) boot: ## Label            Usage          Type ST Offset   Length[0m
[0;32mI (65) boot:  0 nvs              WiFi data        01 02 00009000 00006000[0m
[0;32mI (72) boot:  1 phy_init         RF data          01 01 0000f000 00001000[0m
[0;32mI (80) boot:  2 factory          factory app      00 00 00010000 00100000[0m
[0;32mI (87) boot: End of partition table[0m
[0;32mI (91) esp_image: segment 0: paddr=00010020 vaddr=3c0a0020 size=2ce90h (183952) map[0m
[0;32mI (133) esp_image: segment 1: paddr=0003ceb8 vaddr=3fc98600 size=03160h ( 12640) load[0m
[0;32mI (136) esp_image: segment 2: paddr=00040020 vaddr=42000020 size=9d644h (644676) map[0m
[0;32mI (254) esp_image: segment 3: paddr=000dd66c vaddr=3fc9b760 size=01dc0h (  7616) load[0m
[0;32mI (256) esp_image: segment 4: paddr=000df434 vaddr=40374000 size=14560h ( 83296) load[0m
[0;32mI (287) boot: Loaded app from partition at offset 0x10000[0m
[0;32mI (287) boot: Disabling RNG early entropy source...[0m
[0;32mI (298) cpu_start: Multicore app[0m
[0;32mI (308) cpu_start: Pro cpu start user code[0m
[0;32mI (308) cpu_start: cpu freq: 160000000 Hz[0m
[0;32mI (308) cpu_start: Application information:[0m
[0;32mI (311) cpu_start: Project name:     individaul_project[0m
[0;32mI (317) cpu_start: App version:      efec77d-dirty[0m
[0;32mI (322) cpu_start: Compile time:     May 18 2024 18:44:51[0m
[0;32mI (328) cpu_start: ELF file SHA256:  23609136e...[0m
[0;32mI (334) cpu_start: ESP-IDF:          v5.2.1-dirty[0m
[0;32mI (339) cpu_start: Min chip rev:     v0.0[0m
[0;32mI (344) cpu_start: Max chip rev:     v0.99 [0m
[0;32mI (349) cpu_start: Chip rev:         v0.2[0m
[0;32mI (354) heap_init: Initializing. RAM available for dynamic allocation:[0m
[0;32mI (361) heap_init: At 3FCA5DF8 len 00043918 (270 KiB): RAM[0m
[0;32mI (367) heap_init: At 3FCE9710 len 00005724 (21 KiB): RAM[0m
[0;32mI (373) heap_init: At 3FCF0000 len 00008000 (32 KiB): DRAM[0m
[0;32mI (379) heap_init: At 600FE010 len 00001FD8 (7 KiB): RTCRAM[0m
[0;32mI (386) spi_flash: detected chip: gd[0m
[0;32mI (390) spi_flash: flash io: dio[0m
[0;33mW (393) spi_flash: Detected size(8192k) larger than the size in the binary image header(2048k). Using the size in the binary image header.[0m
[0;33mW (407) ADC: legacy driver is deprecated, please migrate to `esp_adc/adc_oneshot.h`[0m
[0;32mI (415) sleep: Configure to isolate all GPIO pins in sleep state[0m
[0;32mI (422) sleep: Enable automatic switching of GPIO sleep configuration[0m
[0;32mI (429) main_task: Started on CPU0[0m
[0;32mI (433) main_task: Calling app_main()[0m
Frequency recustructed 10.000000
Optimistic sample frequency 20.000000
[0;32mI (1477) view: Data min[402] = -3.672986, Data max[1] = 89.582672[0m
 ________________________________________________________________________________________________________________________________
0|                                                                                                                               |
1|                                                                                                                               |
2|                                                                                                                               |
3| |                                                                                                                             |
4| |                                                                                                                             |
5| || |                                                                                                                          |
6|| ||||| ||||||||||||||||||||||||||| ||||| ||| ||| || ||| || ||||||||||||||||||||| | ||  | || ||||||     || |   || || ||  | || ||
7     | ||  || |||||  |  ||   |  |   ||    ||  | | || |   |||||  || |||      |  || |||  || |  |   |  ||||| ||||||||| ||  || |  |||
8     |      |  |                                         |                                          | | |  |   |        |     | |
9                                                                                                                                |
 01234567890123456789012345678901234567890123456789012345678901234567890123456789012345678901234567890123456789012345678901234567
[0;32mI (1616) view: Plot: Length=512, min=0.000000, max=100.000000[0m
[0;32mI (1650) pp: pp rom version: e7ae62f[0m
[0;32mI (1651) net80211: net80211 rom version: e7ae62f[0m
I (1652) wifi:wifi driver task: 3fcb6188, prio:23, stack:6656, core=0
I (1669) wifi:wifi firmware version: a9f5b59
I (1669) wifi:wifi certification version: v7.0
I (1670) wifi:config NVS flash: enabled
I (1670) wifi:config nano formating: disabled
I (1674) wifi:Init data frame dynamic rx buffer num: 32
I (1679) wifi:Init static rx mgmt buffer num: 5
I (1683) wifi:Init management short buffer num: 32
I (1688) wifi:Init dynamic tx buffer num: 32
I (1692) wifi:Init static tx FG buffer num: 2
I (1696) wifi:Init static rx buffer size: 1600
I (1700) wifi:Init static rx buffer num: 10
I (1704) wifi:Init dynamic rx buffer num: 32
[0;32mI (1708) wifi_init: rx ba win: 6[0m
[0;32mI (1712) wifi_init: tcpip mbox: 32[0m
[0;32mI (1716) wifi_init: udp mbox: 6[0m
[0;32mI (1720) wifi_init: tcp mbox: 6[0m
[0;32mI (1723) wifi_init: tcp tx win: 5760[0m
[0;32mI (1728) wifi_init: tcp rx win: 5760[0m
[0;32mI (1732) wifi_init: tcp mss: 1440[0m
[0;32mI (1736) wifi_init: WiFi IRAM OP enabled[0m
[0;32mI (1741) wifi_init: WiFi RX IRAM OP enabled[0m
[0;32mI (1748) phy_init: phy_version 640,cd64a1a,Jan 24 2024,17:28:12[0m
I (1788) wifi:mode : sta (48:27:e2:e1:e0:f8)
I (1789) wifi:enable tsf
[0;32mI (1791) MQTT TASK: Event received: 7[0m
[0;32mI (1792) MQTT TASK: DEFUALT[0m
[0;31mE (1793) esp-tls: couldn't get hostname for :0990f18322944025907409d1514a0cf7.s1.eu.hivemq.cloud: getaddrinfo() returns 202, addrinfo=0x0[0m
[0;31mE (1804) esp-tls: Failed to open new connection[0m
[0;31mE (1810) transport_base: Failed to open a new connection[0m
[0;31mE (1816) mqtt_client: Error transport connect[0m
[0;32mI (1821) MQTT TASK: Event received: 0[0m
[0;32mI (1825) MQTT TASK: MQTT_EVENT_ERROR[0m
[0;32mI (1829) MQTT TASK: Event received: 2[0m
[0;32mI (1833) MQTT TASK: MQTT_EVENT_DISCONNECT[0m
[0;32mI (1840) MQTT TASK: Message sent: 'Average input signal 1880.936523', sent result 10474[0m
I (1879) wifi:new:<11,0>, old:<1,0>, ap:<255,255>, sta:<11,0>, prof:1
I (1881) wifi:state: init -> auth (b0)
I (1888) wifi:state: auth -> assoc (0)
I (1892) wifi:state: assoc -> run (10)
W (1894) wifi:[ADDBA]rx delba, code:1, delete tid:0
I (1905) wifi:connected with TIM-30577277, aid = 10, channel 11, BW20, bssid = d6:b7:09:09:cb:f6
I (1905) wifi:security: WPA2-PSK, phy: bgn, rssi: -83
I (1911) wifi:pm start, type: 1

I (1911) wifi:dp: 1, bi: 102400, li: 3, scale listen interval from 307200 us to 307200 us
I (1918) wifi:set rx beacon pti, rx_bcn_pti: 0, bcn_timeout: 25000, mt_pti: 0, mt_time: 10000
I (1980) wifi:AP's beacon interval = 102400 us, DTIM period = 1
Frequency recustructed 10.000000
Optimistic sample frequency 20.000000
[0;32mI (2916) view: Data min[438] = -4.342190, Data max[1] = 89.558914[0m
 ________________________________________________________________________________________________________________________________
0|                                                                                                                               |
1|                                                                                                                               |
2|                                                                                                                               |
3| |                                                                                                                             |
4| |                                                                                                                             |
5||||||                                                                                                                          |
6  |||||||||||| ||||| |||||||||||    |||||||||||||  | ||||  | |||||  |||||  ||| | |||||   ||||||  ||||    |||  |      | ||||  || |
7    ||        | | | | |       | ||||   |||       |||| |  || |||  |||||  |||   || | || |||    |||| |  ||||   ||||||||| | |  || |||
8                                   |     |       |                |             |              |  |  |      ||  |     |     |  ||
9                                                                                                                                |
 01234567890123456789012345678901234567890123456789012345678901234567890123456789012345678901234567890123456789012345678901234567
[0;32mI (3055) view: Plot: Length=512, min=0.000000, max=100.000000[0m
[0;32mI (3063) MQTT TASK: Message sent: 'Average input signal 3756.932617', sent result 49363[0m
[0;31mE (3070) FreeRTOS: FreeRTOS Task "Mqtt task" should not return, Aborting now![0m

abort() was called at PC 0x4037cc17 on core 0


Backtrace: 0x40375a22:0x3fcc08e0 0x4037c0ed:0x3fcc0900 0x40384105:0x3fcc0920 0x4037cc17:0x3fcc0990




ELF file SHA256: 23609136e

Rebooting...
ï¿½ï¿½ï¿½ESP-ROM:esp32s3-20210327
Build:Mar 27 2021
rst:0xc (RTC_SW_CPU_RST),boot:0xa (SPI_FAST_FLASH_BOOT)
Saved PC:0x40375998
SPIWP:0xee
mode:DIO, clock div:1
load:0x3fce3810,len:0x178c
load:0x403c9700,len:0x4
load:0x403c9704,len:0xcbc
load:0x403cc700,len:0x2da0
entry 0x403c9914
[0;32mI (31) boot: ESP-IDF v5.2.1-dirty 2nd stage bootloader[0m
[0;32mI (31) boot: compile time May 18 2024 18:26:14[0m
[0;32mI (31) boot: Multicore bootloader[0m
[0;32mI (35) boot: chip revision: v0.2[0m
[0;32mI (39) boot.esp32s3: Boot SPI Speed : 80MHz[0m
[0;32mI (43) boot.esp32s3: SPI Mode       : DIO[0m
[0;32mI (48) boot.esp32s3: SPI Flash Size : 2MB[0m
[0;32mI (53) boot: Enabling RNG early entropy source...[0m
[0;32mI (58) boot: Partition Table:[0m
[0;32mI (62) boot: ## Label            Usage          Type ST Offset   Length[0m
[0;32mI (69) boot:  0 nvs              WiFi data        01 02 00009000 00006000[0m
[0;32mI (77) boot:  1 phy_init         RF data          01 01 0000f000 00001000[0m
[0;32mI (84) boot:  2 factory          factory app      00 00 00010000 00100000[0m
[0;32mI (92) boot: End of partition table[0m
[0;32mI (96) esp_image: segment 0: paddr=00010020 vaddr=3c0a0020 size=2ce90h (183952) map[0m
[0;32mI (137) esp_image: segment 1: paddr=0003ceb8 vaddr=3fc98600 size=03160h ( 12640) load[0m
[0;32mI (140) esp_image: segment 2: paddr=00040020 vaddr=42000020 size=9d644h (644676) map[0m
[0;32mI (259) esp_image: segment 3: paddr=000dd66c vaddr=3fc9b760 size=01dc0h (  7616) load[0m
[0;32mI (260) esp_image: segment 4: paddr=000df434 vaddr=40374000 size=14560h ( 83296) load[0m
[0;32mI (291) boot: Loaded app from partition at offset 0x10000[0m
[0;32mI (291) boot: Disabling RNG early entropy source...[0m
[0;32mI (303) cpu_start: Multicore app[0m
[0;32mI (312) cpu_start: Pro cpu start user code[0m
[0;32mI (312) cpu_start: cpu freq: 160000000 Hz[0m
[0;32mI (312) cpu_start: Application information:[0m
[0;32mI (315) cpu_start: Project name:     individaul_project[0m
[0;32mI (321) cpu_start: App version:      efec77d-dirty[0m
[0;32mI (327) cpu_start: Compile time:     May 18 2024 18:44:51[0m
[0;32mI (333) cpu_start: ELF file SHA256:  23609136e...[0m
[0;32mI (338) cpu_start: ESP-IDF:          v5.2.1-dirty[0m
[0;32mI (344) cpu_start: Min chip rev:     v0.0[0m
[0;32mI (348) cpu_start: Max chip rev:     v0.99 [0m
[0;32mI (353) cpu_start: Chip rev:         v0.2[0m
[0;32mI (358) heap_init: Initializing. RAM available for dynamic allocation:[0m
[0;32mI (365) heap_init: At 3FCA5DF8 len 00043918 (270 KiB): RAM[0m
[0;32mI (371) heap_init: At 3FCE9710 len 00005724 (21 KiB): RAM[0m
[0;32mI (377) heap_init: At 3FCF0000 len 00008000 (32 KiB): DRAM[0m
[0;32mI (383) heap_init: At 600FE010 len 00001FD8 (7 KiB): RTCRAM[0m
[0;32mI (391) spi_flash: detected chip: gd[0m
[0;32mI (394) spi_flash: flash io: dio[0m
[0;33mW (398) spi_flash: Detected size(8192k) larger than the size in the binary image header(2048k). Using the size in the binary image header.[0m
[0;33mW (412) ADC: legacy driver is deprecated, please migrate to `esp_adc/adc_oneshot.h`[0m
[0;32mI (419) sleep: Configure to isolate all GPIO pins in sleep state[0m
[0;32mI (426) sleep: Enable automatic switching of GPIO sleep configuration[0m
[0;32mI (434) main_task: Started on CPU0[0m
[0;32mI (438) main_task: Calling app_main()[0m
Frequency recustructed 9.000000
Optimistic sample frequency 18.000000
[0;32mI (1482) view: Data min[442] = -2.251534, Data max[1] = 89.568634[0m
 ________________________________________________________________________________________________________________________________
0|                                                                                                                               |
1|                                                                                                                               |
2|                                                                                                                               |
3| |                                                                                                                             |
4| |                                                                                                                             |
5| || |                                                                                                                          |
6 |||| ||| |||  ||| |  ||||| |||||||||||||||||||| ||||||||    ||||||||||||||||||||||||||||||||||||||||||| ||||||||| | ||||||| ||||
7   |    |||  ||  |||||  | |||   |      ||       |        |||| ||              |               |   | |  ||  |  |   |||  ||   | |||
8                                                         | |                                                  |        |      | |
9                                                                                                                                |
 01234567890123456789012345678901234567890123456789012345678901234567890123456789012345678901234567890123456789012345678901234567
[0;32mI (1621) view: Plot: Length=512, min=0.000000, max=100.000000[0m
[0;32mI (1655) pp: pp rom version: e7ae62f[0m
[0;32mI (1656) net80211: net80211 rom version: e7ae62f[0m
I (1657) wifi:wifi driver task: 3fcb6188, prio:23, stack:6656, core=0
I (1674) wifi:wifi firmware version: a9f5b59
I (1674) wifi:wifi certification version: v7.0
I (1674) wifi:config NVS flash: enabled
I (1675) wifi:config nano formating: disabled
I (1679) wifi:Init data frame dynamic rx buffer num: 32
I (1684) wifi:Init static rx mgmt buffer num: 5
I (1688) wifi:Init management short buffer num: 32
I (1693) wifi:Init dynamic tx buffer num: 32
I (1697) wifi:Init static tx FG buffer num: 2
I (1701) wifi:Init static rx buffer size: 1600
I (1705) wifi:Init static rx buffer num: 10
I (1709) wifi:Init dynamic rx buffer num: 32
[0;32mI (1713) wifi_init: rx ba win: 6[0m
[0;32mI (1717) wifi_init: tcpip mbox: 32[0m
[0;32mI (1721) wifi_init: udp mbox: 6[0m
[0;32mI (1725) wifi_init: tcp mbox: 6[0m
[0;32mI (1728) wifi_init: tcp tx win: 5760[0m
[0;32mI (1733) wifi_init: tcp rx win: 5760[0m
[0;32mI (1737) wifi_init: tcp mss: 1440[0m
[0;32mI (1741) wifi_init: WiFi IRAM OP enabled[0m
[0;32mI (1745) wifi_init: WiFi RX IRAM OP enabled[0m
[0;32mI (1753) phy_init: phy_version 640,cd64a1a,Jan 24 2024,17:28:12[0m
I (1793) wifi:mode : sta (48:27:e2:e1:e0:f8)
I (1794) wifi:enable tsf
[0;32mI (1797) MQTT TASK: Event received: 7[0m
[0;32mI (1797) MQTT TASK: DEFUALT[0m
[0;31mE (1798) esp-tls: couldn't get hostname for :0990f18322944025907409d1514a0cf7.s1.eu.hivemq.cloud: getaddrinfo() returns 202, addrinfo=0x0[0m
I (1806) wifi:[0;31mE (1810) esp-tls: Failed to open new connection[0m
new:<11,0>, old:<1,0>, ap:<255,255>, sta:<11,0>, prof:1[0;31mE (1816) transport_base: Failed to open a new connection[0m

[0;31mE (1827) mqtt_client: Error transport connect[0m
I (1828) wifi:[0;32mI (1832) MQTT TASK: Event received: 0[0m
state: init -> auth (b0)[0;32mI (1838) MQTT TASK: MQTT_EVENT_ERROR[0m

[0;32mI (1844) MQTT TASK: Event received: 2[0m
[0;32mI (1849) MQTT TASK: MQTT_EVENT_DISCONNECT[0m
[0;32mI (1854) MQTT TASK: Message sent: 'Average input signal 1880.774414', sent result 25082[0m
I (1859) wifi:state: auth -> assoc (0)
I (1870) wifi:state: assoc -> run (10)
W (1871) wifi:[ADDBA]rx delba, code:1, delete tid:0
I (1883) wifi:connected with TIM-30577277, aid = 10, channel 11, BW20, bssid = d6:b7:09:09:cb:f6
I (1884) wifi:security: WPA2-PSK, phy: bgn, rssi: -86
I (1891) wifi:pm start, type: 1

I (1891) wifi:dp: 1, bi: 102400, li: 3, scale listen interval from 307200 us to 307200 us
I (1898) wifi:set rx beacon pti, rx_bcn_pti: 0, bcn_timeout: 25000, mt_pti: 0, mt_time: 10000
I (1906) wifi:AP's beacon interval = 102400 us, DTIM period = 1
I (1964) wifi:<ba-add>idx:0 (ifx:0, d6:b7:09:09:cb:f6), tid:0, ssn:0, winSize:64
[0;32mI (2915) esp_netif_handlers: sta ip: 192.168.1.7, mask: 255.255.255.0, gw: 192.168.1.1[0m
Frequency recustructed 10.000000
Optimistic sample frequency 20.000000
[0;32mI (2942) view: Data min[151] = -7.861453, Data max[1] = 89.562920[0m
 ________________________________________________________________________________________________________________________________
0|                                                                                                                               |
1|                                                                                                                               |
2|                                                                                                                               |
3| |                                                                                                                             |
4| |                                                                                                                             |
5| ||                                                                                                                            |
6 | |||||  |||| |||| |||||  ||  ||| || ||||| || | ||| | | || || | ||| | |  || | || ||   | | || |||  | || |||||||||||||||  | || |||
7      | ||  | |    |  |  ||| ||   || |  |  ||||||| || | |  || | | ||| | |||||||  |  ||||| || |  ||| |  |   || |||  |   || |  || |
8                              |      |      | |               |         |        |  ||    |  |  |                       |       |
9                                                                                                                                |
 01234567890123456789012345678901234567890123456789012345678901234567890123456789012345678901234567890123456789012345678901234567
[0;32mI (3081) view: Plot: Length=512, min=0.000000, max=100.000000[0m
[0;32mI (3089) MQTT TASK: Message sent: 'Average input signal 3756.656250', sent result 20417[0m
[0;31mE (3096) FreeRTOS: FreeRTOS Task "Mqtt task" should not return, Aborting now![0m

abort() was called at PC 0x4037cc17 on core 0


Backtrace: 0x40375a22:0x3fcc08f0 0x4037c0ed:0x3fcc0910 0x40384105:0x3fcc0930 0x4037cc17:0x3fcc09a0




ELF file SHA256: 23609136e

Rebooting...
ï¿½ï¿½ï¿½ESP-ROM:esp32s3-20210327
Build:Mar 27 2021
rst:0xc (RTC_SW_CPU_RST),boot:0xa (SPI_FAST_FLASH_BOOT)
Saved PC:0x40375998
SPIWP:0xee
mode:DIO, clock div:1
load:0x3fce3810,len:0x178c
load:0x403c9700,len:0x4
load:0x403c9704,len:0xcbc
load:0x403cc700,len:0x2da0
entry 0x403c9914
[0;32mI (31) boot: ESP-IDF v5.2.1-dirty 2nd stage bootloader[0m
[0;32mI (31) boot: compile time May 18 2024 18:26:14[0m
[0;32mI (31) boot: Multicore bootloader[0m
[0;32mI (35) boot: chip revision: v0.2[0m
[0;32mI (39) boot.esp32s3: Boot SPI Speed : 80MHz[0m
[0;32mI (43) boot.esp32s3: SPI Mode       : DIO[0m
[0;32mI (48) boot.esp32s3: SPI Flash Size : 2MB[0m
[0;32mI (53) boot: Enabling RNG early entropy source...[0m
[0;32mI (58) boot: Partition Table:[0m
[0;32mI (62) boot: ## Label            Usage          Type ST Offset   Length[0m
[0;32mI (69) boot:  0 nvs              WiFi data        01 02 00009000 00006000[0m
[0;32mI (77) boot:  1 phy_init         RF data          01 01 0000f000 00001000[0m
[0;32mI (84) boot:  2 factory          factory app      00 00 00010000 00100000[0m
[0;32mI (92) boot: End of partition table[0m
[0;32mI (96) esp_image: segment 0: paddr=00010020 vaddr=3c0a0020 size=2ce90h (183952) map[0m
[0;32mI (137) esp_image: segment 1: paddr=0003ceb8 vaddr=3fc98600 size=03160h ( 12640) load[0m
[0;32mI (140) esp_image: segment 2: paddr=00040020 vaddr=42000020 size=9d644h (644676) map[0m
[0;32mI (259) esp_image: segment 3: paddr=000dd66c vaddr=3fc9b760 size=01dc0h (  7616) load[0m
[0;32mI (260) esp_image: segment 4: paddr=000df434 vaddr=40374000 size=14560h ( 83296) load[0m
[0;32mI (291) boot: Loaded app from partition at offset 0x10000[0m
[0;32mI (291) boot: Disabling RNG early entropy source...[0m
[0;32mI (303) cpu_start: Multicore app[0m
[0;32mI (312) cpu_start: Pro cpu start user code[0m
[0;32mI (312) cpu_start: cpu freq: 160000000 Hz[0m
[0;32mI (312) cpu_start: Application information:[0m
[0;32mI (315) cpu_start: Project name:     individaul_project[0m
[0;32mI (321) cpu_start: App version:      efec77d-dirty[0m
[0;32mI (327) cpu_start: Compile time:     May 18 2024 18:44:51[0m
[0;32mI (333) cpu_start: ELF file SHA256:  23609136e...[0m
[0;32mI (338) cpu_start: ESP-IDF:          v5.2.1-dirty[0m
[0;32mI (344) cpu_start: Min chip rev:     v0.0[0m
[0;32mI (348) cpu_start: Max chip rev:     v0.99 [0m
[0;32mI (353) cpu_start: Chip rev:         v0.2[0m
[0;32mI (358) heap_init: Initializing. RAM available for dynamic allocation:[0m
[0;32mI (365) heap_init: At 3FCA5DF8 len 00043918 (270 KiB): RAM[0m
[0;32mI (371) heap_init: At 3FCE9710 len 00005724 (21 KiB): RAM[0m
[0;32mI (377) heap_init: At 3FCF0000 len 00008000 (32 KiB): DRAM[0m
[0;32mI (383) heap_init: At 600FE010 len 00001FD8 (7 KiB): RTCRAM[0m
[0;32mI (391) spi_flash: detected chip: gd[0m
[0;32mI (394) spi_flash: flash io: dio[0m
